MemTotal:        7831944 kB
MemFree:         3023880 kB
MemAvailable:    5024148 kB
Buffers:          279648 kB
Cached:          2086420 kB
SwapCached:            0 kB
Active:          2998156 kB
Inactive:        1344232 kB
Active(anon):    1954852 kB
Inactive(anon):   319464 kB
Active(file):    1043304 kB
Inactive(file):  1024768 kB
Unevictable:       16108 kB
Mlocked:           16108 kB
SwapTotal:       9227464 kB
SwapFree:        9227464 kB
Dirty:                36 kB
Writeback:             0 kB
AnonPages:       1893404 kB
Mapped:           489208 kB
Shmem:            387704 kB
Slab:             290652 kB
SReclaimable:     244204 kB
SUnreclaim:        46448 kB
KernelStack:        9456 kB
PageTables:        48920 kB
NFS_Unstable:          0 kB
Bounce:                0 kB
WritebackTmp:          0 kB
CommitLimit:    13143436 kB
Committed_AS:    6554852 kB
VmallocTotal:   34359738367 kB
VmallocUsed:           0 kB
VmallocChunk:          0 kB
HardwareCorrupted:     0 kB
AnonHugePages:    575488 kB
ShmemHugePages:        0 kB
ShmemPmdMapped:        0 kB
HugePages_Total:       0
HugePages_Free:        0
HugePages_Rsvd:        0
HugePages_Surp:        0
Hugepagesize:       2048 kB
DirectMap4k:      202472 kB
DirectMap2M:     6793216 kB
DirectMap1G:     2097152 kB
MemTotal:        7831944 kB
MemFree:         3024136 kB
MemAvailable:    5024432 kB
Buffers:          279648 kB
Cached:          2086424 kB
SwapCached:            0 kB
Active:          2998112 kB
Inactive:        1344236 kB
Active(anon):    1954784 kB
Inactive(anon):   319464 kB
Active(file):    1043328 kB
Inactive(file):  1024772 kB
Unevictable:       16108 kB
Mlocked:           16108 kB
SwapTotal:       9227464 kB
SwapFree:        9227464 kB
Dirty:                 0 kB
Writeback:             0 kB
AnonPages:       1893340 kB
Mapped:           489208 kB
Shmem:            387704 kB
Slab:             290652 kB
SReclaimable:     244204 kB
SUnreclaim:        46448 kB
KernelStack:        9488 kB
PageTables:        48920 kB
NFS_Unstable:          0 kB
Bounce:                0 kB
WritebackTmp:          0 kB
CommitLimit:    13143436 kB
Committed_AS:    6554852 kB
VmallocTotal:   34359738367 kB
VmallocUsed:           0 kB
VmallocChunk:          0 kB
HardwareCorrupted:     0 kB
AnonHugePages:    575488 kB
ShmemHugePages:        0 kB
ShmemPmdMapped:        0 kB
HugePages_Total:       0
HugePages_Free:        0
HugePages_Rsvd:        0
HugePages_Surp:        0
Hugepagesize:       2048 kB
DirectMap4k:      202472 kB
DirectMap2M:     6793216 kB
DirectMap1G:     2097152 kB
MemTotal:        7831944 kB
MemFree:         3030336 kB
MemAvailable:    5030620 kB
Buffers:          279680 kB
Cached:          2086412 kB
SwapCached:            0 kB
Active:          2991924 kB
Inactive:        1344224 kB
Active(anon):    1948596 kB
Inactive(anon):   319464 kB
Active(file):    1043328 kB
Inactive(file):  1024760 kB
Unevictable:       16108 kB
Mlocked:           16108 kB
SwapTotal:       9227464 kB
SwapFree:        9227464 kB
Dirty:                96 kB
Writeback:             0 kB
AnonPages:       1887204 kB
Mapped:           489208 kB
Shmem:            387704 kB
Slab:             290652 kB
SReclaimable:     244204 kB
SUnreclaim:        46448 kB
KernelStack:        9488 kB
PageTables:        48872 kB
NFS_Unstable:          0 kB
Bounce:                0 kB
WritebackTmp:          0 kB
CommitLimit:    13143436 kB
Committed_AS:    6554852 kB
VmallocTotal:   34359738367 kB
VmallocUsed:           0 kB
VmallocChunk:          0 kB
HardwareCorrupted:     0 kB
AnonHugePages:    575488 kB
ShmemHugePages:        0 kB
ShmemPmdMapped:        0 kB
HugePages_Total:       0
HugePages_Free:        0
HugePages_Rsvd:        0
HugePages_Surp:        0
Hugepagesize:       2048 kB
DirectMap4k:      202472 kB
DirectMap2M:     6793216 kB
DirectMap1G:     2097152 kB
MemTotal:        7831944 kB
MemFree:         3652724 kB
MemAvailable:    5546384 kB
Buffers:          279744 kB
Cached:          2047628 kB
SwapCached:            0 kB
Active:          2535836 kB
Inactive:        1199516 kB
Active(anon):    1491960 kB
Inactive(anon):   281848 kB
Active(file):    1043876 kB
Inactive(file):   917668 kB
Unevictable:       16092 kB
Mlocked:           16092 kB
SwapTotal:       9227464 kB
SwapFree:        9227464 kB
Dirty:                 0 kB
Writeback:             0 kB
AnonPages:       1379296 kB
Mapped:           337556 kB
Shmem:            349876 kB
Slab:             289072 kB
SReclaimable:     244124 kB
SUnreclaim:        44948 kB
KernelStack:        7296 kB
PageTables:        37408 kB
NFS_Unstable:          0 kB
Bounce:                0 kB
WritebackTmp:          0 kB
CommitLimit:    13143436 kB
Committed_AS:    4739616 kB
VmallocTotal:   34359738367 kB
VmallocUsed:           0 kB
VmallocChunk:          0 kB
HardwareCorrupted:     0 kB
AnonHugePages:    546816 kB
ShmemHugePages:        0 kB
ShmemPmdMapped:        0 kB
HugePages_Total:       0
HugePages_Free:        0
HugePages_Rsvd:        0
HugePages_Surp:        0
Hugepagesize:       2048 kB
DirectMap4k:      202472 kB
DirectMap2M:     6793216 kB
DirectMap1G:     2097152 kB
MemTotal:        7831944 kB
MemFree:         3704572 kB
MemAvailable:    5598248 kB
Buffers:          279756 kB
Cached:          1995880 kB
SwapCached:            0 kB
Active:          2535852 kB
Inactive:        1147784 kB
Active(anon):    1491964 kB
Inactive(anon):   230112 kB
Active(file):    1043888 kB
Inactive(file):   917672 kB
Unevictable:       16092 kB
Mlocked:           16092 kB
SwapTotal:       9227464 kB
SwapFree:        9227464 kB
Dirty:                 0 kB
Writeback:             0 kB
AnonPages:       1379300 kB
Mapped:           337364 kB
Shmem:            298124 kB
Slab:             289004 kB
SReclaimable:     244124 kB
SUnreclaim:        44880 kB
KernelStack:        7328 kB
PageTables:        37400 kB
NFS_Unstable:          0 kB
Bounce:                0 kB
WritebackTmp:          0 kB
CommitLimit:    13143436 kB
Committed_AS:    4695124 kB
VmallocTotal:   34359738367 kB
VmallocUsed:           0 kB
VmallocChunk:          0 kB
HardwareCorrupted:     0 kB
AnonHugePages:    546816 kB
ShmemHugePages:        0 kB
ShmemPmdMapped:        0 kB
HugePages_Total:       0
HugePages_Free:        0
HugePages_Rsvd:        0
HugePages_Surp:        0
Hugepagesize:       2048 kB
DirectMap4k:      202472 kB
DirectMap2M:     6793216 kB
DirectMap1G:     2097152 kB
MemTotal:        7831944 kB
MemFree:         3705936 kB
MemAvailable:    5599612 kB
Buffers:          279756 kB
Cached:          1995824 kB
SwapCached:            0 kB
Active:          2534900 kB
Inactive:        1147728 kB
Active(anon):    1491012 kB
Inactive(anon):   230056 kB
Active(file):    1043888 kB
Inactive(file):   917672 kB
Unevictable:       16092 kB
Mlocked:           16092 kB
SwapTotal:       9227464 kB
SwapFree:        9227464 kB
Dirty:                 4 kB
Writeback:             0 kB
AnonPages:       1378396 kB
Mapped:           337304 kB
Shmem:            298068 kB
Slab:             288996 kB
SReclaimable:     244124 kB
SUnreclaim:        44872 kB
KernelStack:        7296 kB
PageTables:        37400 kB
NFS_Unstable:          0 kB
Bounce:                0 kB
WritebackTmp:          0 kB
CommitLimit:    13143436 kB
Committed_AS:    4695124 kB
VmallocTotal:   34359738367 kB
VmallocUsed:           0 kB
VmallocChunk:          0 kB
HardwareCorrupted:     0 kB
AnonHugePages:    546816 kB
ShmemHugePages:        0 kB
ShmemPmdMapped:        0 kB
HugePages_Total:       0
HugePages_Free:        0
HugePages_Rsvd:        0
HugePages_Surp:        0
Hugepagesize:       2048 kB
DirectMap4k:      202472 kB
DirectMap2M:     6793216 kB
DirectMap1G:     2097152 kB
MemTotal:        7831944 kB
MemFree:         3380816 kB
MemAvailable:    5267580 kB
Buffers:          280020 kB
Cached:          2053044 kB
SwapCached:            0 kB
Active:          2772480 kB
Inactive:        1216352 kB
Active(anon):    1728268 kB
Inactive(anon):   305932 kB
Active(file):    1044212 kB
Inactive(file):   910420 kB
Unevictable:       16108 kB
Mlocked:           16108 kB
SwapTotal:       9227464 kB
SwapFree:        9227464 kB
Dirty:              1252 kB
Writeback:             0 kB
AnonPages:       1617404 kB
Mapped:           478924 kB
Shmem:            374020 kB
Slab:             289012 kB
SReclaimable:     244140 kB
SUnreclaim:        44872 kB
KernelStack:       10304 kB
PageTables:        49232 kB
NFS_Unstable:          0 kB
Bounce:                0 kB
WritebackTmp:          0 kB
CommitLimit:    13143436 kB
Committed_AS:    6627712 kB
VmallocTotal:   34359738367 kB
VmallocUsed:           0 kB
VmallocChunk:          0 kB
HardwareCorrupted:     0 kB
AnonHugePages:    550912 kB
ShmemHugePages:        0 kB
ShmemPmdMapped:        0 kB
HugePages_Total:       0
HugePages_Free:        0
HugePages_Rsvd:        0
HugePages_Surp:        0
Hugepagesize:       2048 kB
DirectMap4k:      202472 kB
DirectMap2M:     6793216 kB
DirectMap1G:     2097152 kB
MemTotal:        7831944 kB
MemFree:         3384924 kB
MemAvailable:    5272432 kB
Buffers:          280020 kB
Cached:          2047404 kB
SwapCached:            0 kB
Active:          2774136 kB
Inactive:        1211204 kB
Active(anon):    1729924 kB
Inactive(anon):   300040 kB
Active(file):    1044212 kB
Inactive(file):   911164 kB
Unevictable:       16108 kB
Mlocked:           16108 kB
SwapTotal:       9227464 kB
SwapFree:        9227464 kB
Dirty:              1464 kB
Writeback:             0 kB
AnonPages:       1619600 kB
Mapped:           473276 kB
Shmem:            368108 kB
Slab:             289012 kB
SReclaimable:     244140 kB
SUnreclaim:        44872 kB
KernelStack:       10288 kB
PageTables:        49212 kB
NFS_Unstable:          0 kB
Bounce:                0 kB
WritebackTmp:          0 kB
CommitLimit:    13143436 kB
Committed_AS:    6635352 kB
VmallocTotal:   34359738367 kB
VmallocUsed:           0 kB
VmallocChunk:          0 kB
HardwareCorrupted:     0 kB
AnonHugePages:    550912 kB
ShmemHugePages:        0 kB
ShmemPmdMapped:        0 kB
HugePages_Total:       0
HugePages_Free:        0
HugePages_Rsvd:        0
HugePages_Surp:        0
Hugepagesize:       2048 kB
DirectMap4k:      202472 kB
DirectMap2M:     6793216 kB
DirectMap1G:     2097152 kB
MemTotal:        7831944 kB
MemFree:         3384512 kB
MemAvailable:    5272040 kB
Buffers:          280028 kB
Cached:          2046884 kB
SwapCached:            0 kB
Active:          2774512 kB
Inactive:        1210816 kB
Active(anon):    1730292 kB
Inactive(anon):   299640 kB
Active(file):    1044220 kB
Inactive(file):   911176 kB
Unevictable:       16108 kB
Mlocked:           16108 kB
SwapTotal:       9227464 kB
SwapFree:        9227464 kB
Dirty:              1492 kB
Writeback:             0 kB
AnonPages:       1620024 kB
Mapped:           473164 kB
Shmem:            367660 kB
Slab:             288988 kB
SReclaimable:     244140 kB
SUnreclaim:        44848 kB
KernelStack:       10288 kB
PageTables:        49212 kB
NFS_Unstable:          0 kB
Bounce:                0 kB
WritebackTmp:          0 kB
CommitLimit:    13143436 kB
Committed_AS:    6635352 kB
VmallocTotal:   34359738367 kB
VmallocUsed:           0 kB
VmallocChunk:          0 kB
HardwareCorrupted:     0 kB
AnonHugePages:    550912 kB
ShmemHugePages:        0 kB
ShmemPmdMapped:        0 kB
HugePages_Total:       0
HugePages_Free:        0
HugePages_Rsvd:        0
HugePages_Surp:        0
Hugepagesize:       2048 kB
DirectMap4k:      202472 kB
DirectMap2M:     6793216 kB
DirectMap1G:     2097152 kB
MemTotal:        7831944 kB
MemFree:         3257120 kB
MemAvailable:    5169864 kB
Buffers:          280288 kB
Cached:          2055412 kB
SwapCached:            0 kB
Active:          2865500 kB
Inactive:        1241252 kB
Active(anon):    1820888 kB
Inactive(anon):   305320 kB
Active(file):    1044612 kB
Inactive(file):   935932 kB
Unevictable:       16108 kB
Mlocked:           16108 kB
SwapTotal:       9227464 kB
SwapFree:        9227464 kB
Dirty:              1036 kB
Writeback:             0 kB
AnonPages:       1730292 kB
Mapped:           490428 kB
Shmem:            374368 kB
Slab:             289592 kB
SReclaimable:     244208 kB
SUnreclaim:        45384 kB
KernelStack:       11040 kB
PageTables:        52176 kB
NFS_Unstable:          0 kB
Bounce:                0 kB
WritebackTmp:          0 kB
CommitLimit:    13143436 kB
Committed_AS:    7128224 kB
VmallocTotal:   34359738367 kB
VmallocUsed:           0 kB
VmallocChunk:          0 kB
HardwareCorrupted:     0 kB
AnonHugePages:    550912 kB
ShmemHugePages:        0 kB
ShmemPmdMapped:        0 kB
HugePages_Total:       0
HugePages_Free:        0
HugePages_Rsvd:        0
HugePages_Surp:        0
Hugepagesize:       2048 kB
DirectMap4k:      202472 kB
DirectMap2M:     6793216 kB
DirectMap1G:     2097152 kB
MemTotal:        7831944 kB
MemFree:         3229364 kB
MemAvailable:    5144676 kB
Buffers:          280304 kB
Cached:          2062256 kB
SwapCached:            0 kB
Active:          2882084 kB
Inactive:        1250320 kB
Active(anon):    1837432 kB
Inactive(anon):   311940 kB
Active(file):    1044652 kB
Inactive(file):   938380 kB
Unevictable:       16108 kB
Mlocked:           16108 kB
SwapTotal:       9227464 kB
SwapFree:        9227464 kB
Dirty:               704 kB
Writeback:             0 kB
AnonPages:       1747260 kB
Mapped:           490244 kB
Shmem:            381080 kB
Slab:             290496 kB
SReclaimable:     244288 kB
SUnreclaim:        46208 kB
KernelStack:       11132 kB
PageTables:        52544 kB
NFS_Unstable:          0 kB
Bounce:                0 kB
WritebackTmp:          0 kB
CommitLimit:    13143436 kB
Committed_AS:    7208004 kB
VmallocTotal:   34359738367 kB
VmallocUsed:           0 kB
VmallocChunk:          0 kB
HardwareCorrupted:     0 kB
AnonHugePages:    550912 kB
ShmemHugePages:        0 kB
ShmemPmdMapped:        0 kB
HugePages_Total:       0
HugePages_Free:        0
HugePages_Rsvd:        0
HugePages_Surp:        0
Hugepagesize:       2048 kB
DirectMap4k:      202472 kB
DirectMap2M:     6793216 kB
DirectMap1G:     2097152 kB
